{"level":"info","message":"🚀 Server running on http://localhost:3001","service":"iqoo-productivity-api","timestamp":"2026-08-30T17:28:32.849Z"}
{"level":"info","message":"Environment: development","service":"iqoo-productivity-api","timestamp":"2026-08-30T17:28:32.857Z"}
{"level":"info","message":"AI Provider: local","service":"iqoo-productivity-api","timestamp":"2026-08-30T17:28:32.858Z"}
{"level":"debug","message":"GET /","service":"iqoo-productivity-api","timestamp":"2026-08-30T17:29:03.814Z"}
{"level":"debug","message":"GET /favicon.ico","service":"iqoo-productivity-api","timestamp":"2026-08-30T17:29:04.126Z"}
{"level":"debug","message":"GET /","service":"iqoo-productivity-api","timestamp":"2026-08-30T17:29:08.068Z"}
{"level":"debug","message":"GET /","service":"iqoo-productivity-api","timestamp":"2026-08-30T17:29:08.513Z"}
{"level":"info","message":"🚀 Server running on http://localhost:3001","service":"iqoo-productivity-api","timestamp":"2026-08-30T17:37:12.815Z"}
{"level":"info","message":"Environment: development","service":"iqoo-productivity-api","timestamp":"2026-08-30T17:37:12.820Z"}
{"level":"info","message":"AI Provider: local","service":"iqoo-productivity-api","timestamp":"2026-08-30T17:37:12.820Z"}
{"level":"info","message":"🚀 Server running on http://localhost:3001","service":"iqoo-productivity-api","timestamp":"2026-08-30T17:41:45.274Z"}
{"level":"info","message":"Environment: development","service":"iqoo-productivity-api","timestamp":"2026-08-30T17:41:45.276Z"}
{"level":"info","message":"AI Provider: local","service":"iqoo-productivity-api","timestamp":"2026-08-30T17:41:45.276Z"}
{"level":"debug","message":"POST /api/auth/register","service":"iqoo-productivity-api","timestamp":"2026-08-30T17:42:43.604Z"}
{"level":"debug","message":"GET /api/tasks","service":"iqoo-productivity-api","timestamp":"2026-08-30T17:42:44.425Z"}
{"level":"debug","message":"GET /api/inbox","service":"iqoo-productivity-api","timestamp":"2026-08-30T17:42:53.171Z"}
{"level":"debug","message":"GET /api/tasks","service":"iqoo-productivity-api","timestamp":"2026-08-30T17:42:54.652Z"}
{"level":"debug","message":"GET /api/projects","service":"iqoo-productivity-api","timestamp":"2026-08-30T17:42:55.816Z"}
{"level":"debug","message":"POST /api/ai/extract/image","service":"iqoo-productivity-api","timestamp":"2026-08-30T17:43:25.722Z"}
{"level":"debug","message":"GET /api/tasks","service":"iqoo-productivity-api","timestamp":"2026-08-30T17:44:33.667Z"}
{"level":"debug","message":"GET /api/tasks","service":"iqoo-productivity-api","timestamp":"2026-08-30T17:44:34.265Z"}
{"level":"debug","message":"GET /api/tasks","service":"iqoo-productivity-api","timestamp":"2026-08-30T17:44:34.877Z"}
{"level":"debug","message":"POST /api/ai/extract/image","service":"iqoo-productivity-api","timestamp":"2026-08-30T17:45:40.598Z"}
{"level":"debug","message":"POST /api/auth/login","service":"iqoo-productivity-api","timestamp":"2026-08-30T17:56:33.870Z"}
{"level":"debug","message":"GET /api/tasks","service":"iqoo-productivity-api","timestamp":"2026-08-30T17:56:34.194Z"}
{"level":"debug","message":"GET /api/projects","service":"iqoo-productivity-api","timestamp":"2026-08-30T17:56:59.596Z"}
{"level":"debug","message":"GET /api/auth/profile","service":"iqoo-productivity-api","timestamp":"2026-08-30T17:57:11.715Z"}
{"level":"debug","message":"GET /api/auth/profile","service":"iqoo-productivity-api","timestamp":"2026-08-30T17:57:11.796Z"}
{"level":"debug","message":"POST /api/auth/login","service":"iqoo-productivity-api","timestamp":"2026-08-30T17:57:35.796Z"}
{"level":"debug","message":"GET /api/tasks","service":"iqoo-productivity-api","timestamp":"2026-08-30T17:57:36.280Z"}
{"level":"debug","message":"GET /api/inbox","service":"iqoo-productivity-api","timestamp":"2026-08-30T17:57:40.215Z"}
{"level":"debug","message":"GET /api/tasks","service":"iqoo-productivity-api","timestamp":"2026-08-30T17:57:43.758Z"}
{"level":"debug","message":"GET /api/tasks","service":"iqoo-productivity-api","timestamp":"2026-08-30T17:57:45.883Z"}
{"level":"debug","message":"GET /api/tasks","service":"iqoo-productivity-api","timestamp":"2026-08-30T17:57:46.673Z"}
{"level":"debug","message":"GET /api/tasks","service":"iqoo-productivity-api","timestamp":"2026-08-30T17:57:47.343Z"}
{"level":"debug","message":"GET /api/projects","service":"iqoo-productivity-api","timestamp":"2026-08-30T17:57:48.955Z"}
{"level":"info","message":"🚀 Server running on http://localhost:3001","service":"iqoo-productivity-api","timestamp":"2026-09-07T12:03:24.607Z"}
{"level":"info","message":"Environment: development","service":"iqoo-productivity-api","timestamp":"2026-09-07T12:03:24.628Z"}
{"level":"info","message":"AI Provider: local","service":"iqoo-productivity-api","timestamp":"2026-09-07T12:03:24.630Z"}
{"level":"debug","message":"GET /","service":"iqoo-productivity-api","timestamp":"2026-09-07T12:06:32.933Z"}
{"level":"debug","message":"GET /favicon.ico","service":"iqoo-productivity-api","timestamp":"2026-09-07T12:06:33.285Z"}
{"level":"debug","message":"POST /api/auth/login","service":"iqoo-productivity-api","timestamp":"2026-09-07T12:06:54.087Z"}
{"error":"Invalid credentials","level":"error","message":"Error occurred","method":"POST","path":"/api/auth/login","service":"iqoo-productivity-api","stack":"AppError: Invalid credentials\n    at AuthController.login (D:\\Downloads\\react\\my-react-app\\IQOO\\server\\src\\controllers\\authController.ts:45:13)","timestamp":"2026-09-07T12:06:54.272Z"}
